// Jest Snapshot v1, https://goo.gl/fbAQLP

exports[`matches snapshot 1`] = `
<DocumentFragment>
  <div>
    <h3>
      Add Color Boxes
    </h3>
    <div
      class="box-form"
    >
      <form>
        <label
          for="width"
        >
          Width
        </label>
        <input
          id="width"
          name="width"
          type="number"
          value=""
        />
        <label
          for="height"
        >
          Height
        </label>
        <input
          id="height"
          name="height"
          type="number"
          value=""
        />
        <label
          for="backgroundColor"
        >
          Background Color
        </label>
        <input
          id="backgroundColor"
          name="backgroundColor"
          type="text"
          value=""
        />
        <button>
          Add New Box
        </button>
      </form>
    </div>
    <div
      class="boxes"
    />
  </div>
</DocumentFragment>
`;
